2026-02-22T00:30:49.9094296Z Current runner version: '2.331.0'
2026-02-22T00:30:49.9129093Z ##[group]Runner Image Provisioner
2026-02-22T00:30:49.9130236Z Hosted Compute Agent
2026-02-22T00:30:49.9131260Z Version: 20260123.484
2026-02-22T00:30:49.9132183Z Commit: 6bd6555ca37d84114959e1c76d2c01448ff61c5d
2026-02-22T00:30:49.9133312Z Build Date: 2026-01-23T19:41:17Z
2026-02-22T00:30:49.9134467Z Worker ID: {fc935bec-ee7e-48a7-8bf2-94aad68c0a48}
2026-02-22T00:30:49.9135767Z Azure Region: eastus2
2026-02-22T00:30:49.9137026Z ##[endgroup]
2026-02-22T00:30:49.9139063Z ##[group]Operating System
2026-02-22T00:30:49.9140018Z Ubuntu
2026-02-22T00:30:49.9140833Z 24.04.3
2026-02-22T00:30:49.9141658Z LTS
2026-02-22T00:30:49.9142437Z ##[endgroup]
2026-02-22T00:30:49.9143425Z ##[group]Runner Image
2026-02-22T00:30:49.9144322Z Image: ubuntu-24.04
2026-02-22T00:30:49.9145171Z Version: 20260201.15.1
2026-02-22T00:30:49.9147459Z Included Software: https://github.com/actions/runner-images/blob/ubuntu24/20260201.15/images/ubuntu/Ubuntu2404-Readme.md
2026-02-22T00:30:49.9150179Z Image Release: https://github.com/actions/runner-images/releases/tag/ubuntu24%2F20260201.15
2026-02-22T00:30:49.9151764Z ##[endgroup]
2026-02-22T00:30:49.9153373Z ##[group]GITHUB_TOKEN Permissions
2026-02-22T00:30:49.9156128Z Contents: read
2026-02-22T00:30:49.9157332Z Metadata: read
2026-02-22T00:30:49.9158042Z ##[endgroup]
2026-02-22T00:30:49.9161438Z Secret source: Actions
2026-02-22T00:30:49.9162899Z Prepare workflow directory
2026-02-22T00:30:49.9611159Z Prepare all required actions
2026-02-22T00:30:49.9666543Z Getting action download info
2026-02-22T00:30:50.2359187Z Download action repository 'actions/checkout@v4' (SHA:34e114876b0b11c390a56381ad16ebd13914f8d5)
2026-02-22T00:30:50.3584984Z Download action repository 'actions/setup-node@v4' (SHA:49933ea5288caeca8642d1e84afbd3f7d6820020)
2026-02-22T00:30:50.5507136Z Complete job name: deploy (c00f0f47b7ce4d47)
2026-02-22T00:30:50.6214922Z ##[group]Run actions/checkout@v4
2026-02-22T00:30:50.6215749Z with:
2026-02-22T00:30:50.6216447Z   repository: Morning-Uplift-Marketing-Co/lp-factory-core
2026-02-22T00:30:50.6217255Z   token: ***
2026-02-22T00:30:50.6217643Z   ssh-strict: true
2026-02-22T00:30:50.6218043Z   ssh-user: git
2026-02-22T00:30:50.6218449Z   persist-credentials: true
2026-02-22T00:30:50.6218900Z   clean: true
2026-02-22T00:30:50.6219300Z   sparse-checkout-cone-mode: true
2026-02-22T00:30:50.6219791Z   fetch-depth: 1
2026-02-22T00:30:50.6220179Z   fetch-tags: false
2026-02-22T00:30:50.6220584Z   show-progress: true
2026-02-22T00:30:50.6220993Z   lfs: false
2026-02-22T00:30:50.6221368Z   submodules: false
2026-02-22T00:30:50.6221772Z   set-safe-directory: true
2026-02-22T00:30:50.6222456Z ##[endgroup]
2026-02-22T00:30:50.7331822Z Syncing repository: Morning-Uplift-Marketing-Co/lp-factory-core
2026-02-22T00:30:50.7333812Z ##[group]Getting Git version info
2026-02-22T00:30:50.7334737Z Working directory is '/home/runner/work/lp-factory-core/lp-factory-core'
2026-02-22T00:30:50.7336539Z [command]/usr/bin/git version
2026-02-22T00:30:50.7424128Z git version 2.52.0
2026-02-22T00:30:50.7450851Z ##[endgroup]
2026-02-22T00:30:50.7463957Z Temporarily overriding HOME='/home/runner/work/_temp/68a19ce6-e8f0-42a3-a3b2-fccc678895b9' before making global git config changes
2026-02-22T00:30:50.7465310Z Adding repository directory to the temporary git global config as a safe directory
2026-02-22T00:30:50.7476916Z [command]/usr/bin/git config --global --add safe.directory /home/runner/work/lp-factory-core/lp-factory-core
2026-02-22T00:30:50.7514060Z Deleting the contents of '/home/runner/work/lp-factory-core/lp-factory-core'
2026-02-22T00:30:50.7517658Z ##[group]Initializing the repository
2026-02-22T00:30:50.7522210Z [command]/usr/bin/git init /home/runner/work/lp-factory-core/lp-factory-core
2026-02-22T00:30:50.7651892Z hint: Using 'master' as the name for the initial branch. This default branch name
2026-02-22T00:30:50.7653092Z hint: will change to "main" in Git 3.0. To configure the initial branch name
2026-02-22T00:30:50.7654267Z hint: to use in all of your new repositories, which will suppress this warning,
2026-02-22T00:30:50.7655897Z hint: call:
2026-02-22T00:30:50.7656789Z hint:
2026-02-22T00:30:50.7657691Z hint: 	git config --global init.defaultBranch <name>
2026-02-22T00:30:50.7658800Z hint:
2026-02-22T00:30:50.7659783Z hint: Names commonly chosen instead of 'master' are 'main', 'trunk' and
2026-02-22T00:30:50.7660848Z hint: 'development'. The just-created branch can be renamed via this command:
2026-02-22T00:30:50.7661639Z hint:
2026-02-22T00:30:50.7662053Z hint: 	git branch -m <name>
2026-02-22T00:30:50.7662536Z hint:
2026-02-22T00:30:50.7663140Z hint: Disable this message with "git config set advice.defaultBranchName false"
2026-02-22T00:30:50.7664630Z Initialized empty Git repository in /home/runner/work/lp-factory-core/lp-factory-core/.git/
2026-02-22T00:30:50.7670008Z [command]/usr/bin/git remote add origin https://github.com/Morning-Uplift-Marketing-Co/lp-factory-core
2026-02-22T00:30:50.7709396Z ##[endgroup]
2026-02-22T00:30:50.7710152Z ##[group]Disabling automatic garbage collection
2026-02-22T00:30:50.7713145Z [command]/usr/bin/git config --local gc.auto 0
2026-02-22T00:30:50.7740352Z ##[endgroup]
2026-02-22T00:30:50.7741012Z ##[group]Setting up auth
2026-02-22T00:30:50.7747010Z [command]/usr/bin/git config --local --name-only --get-regexp core\.sshCommand
2026-02-22T00:30:50.7776498Z [command]/usr/bin/git submodule foreach --recursive sh -c "git config --local --name-only --get-regexp 'core\.sshCommand' && git config --local --unset-all 'core.sshCommand' || :"
2026-02-22T00:30:50.8165196Z [command]/usr/bin/git config --local --name-only --get-regexp http\.https\:\/\/github\.com\/\.extraheader
2026-02-22T00:30:50.8197020Z [command]/usr/bin/git submodule foreach --recursive sh -c "git config --local --name-only --get-regexp 'http\.https\:\/\/github\.com\/\.extraheader' && git config --local --unset-all 'http.https://github.com/.extraheader' || :"
2026-02-22T00:30:50.8412991Z [command]/usr/bin/git config --local --name-only --get-regexp ^includeIf\.gitdir:
2026-02-22T00:30:50.8443094Z [command]/usr/bin/git submodule foreach --recursive git config --local --show-origin --name-only --get-regexp remote.origin.url
2026-02-22T00:30:50.8674259Z [command]/usr/bin/git config --local http.https://github.com/.extraheader AUTHORIZATION: basic ***
2026-02-22T00:30:50.8708079Z ##[endgroup]
2026-02-22T00:30:50.8709466Z ##[group]Fetching the repository
2026-02-22T00:30:50.8717800Z [command]/usr/bin/git -c protocol.version=2 fetch --no-tags --prune --no-recurse-submodules --depth=1 origin +a2a3927eb94290c2ba1010b1b0251fd2e3eac23f:refs/remotes/origin/deploy/auto
2026-02-22T00:30:51.7747819Z From https://github.com/Morning-Uplift-Marketing-Co/lp-factory-core
2026-02-22T00:30:51.7749584Z  * [new ref]         a2a3927eb94290c2ba1010b1b0251fd2e3eac23f -> origin/deploy/auto
2026-02-22T00:30:51.7786974Z ##[endgroup]
2026-02-22T00:30:51.7788347Z ##[group]Determining the checkout info
2026-02-22T00:30:51.7789867Z ##[endgroup]
2026-02-22T00:30:51.7795213Z [command]/usr/bin/git sparse-checkout disable
2026-02-22T00:30:51.7839942Z [command]/usr/bin/git config --local --unset-all extensions.worktreeConfig
2026-02-22T00:30:51.7867615Z ##[group]Checking out the ref
2026-02-22T00:30:51.7871865Z [command]/usr/bin/git checkout --progress --force -B deploy/auto refs/remotes/origin/deploy/auto
2026-02-22T00:30:51.8582467Z Switched to a new branch 'deploy/auto'
2026-02-22T00:30:51.8584189Z branch 'deploy/auto' set up to track 'origin/deploy/auto'.
2026-02-22T00:30:51.8592000Z ##[endgroup]
2026-02-22T00:30:51.8630065Z [command]/usr/bin/git log -1 --format=%H
2026-02-22T00:30:51.8651639Z a2a3927eb94290c2ba1010b1b0251fd2e3eac23f
2026-02-22T00:30:51.8889061Z ##[group]Run set -euo pipefail
2026-02-22T00:30:51.8890373Z [36;1mset -euo pipefail[0m
2026-02-22T00:30:51.8891737Z [36;1mM="sites/c00f0f47b7ce4d47/deploy-manifest.json"[0m
2026-02-22T00:30:51.8893660Z [36;1mecho "providers=$(jq -c '[.targets[].provider]' "$M")" >> "$GITHUB_OUTPUT"[0m
2026-02-22T00:30:51.8931432Z shell: /usr/bin/bash --noprofile --norc -e -o pipefail {0}
2026-02-22T00:30:51.8933149Z ##[endgroup]
2026-02-22T00:30:51.9124812Z ##[group]Run set -euo pipefail
2026-02-22T00:30:51.9125935Z [36;1mset -euo pipefail[0m
2026-02-22T00:30:51.9127389Z [36;1mM="sites/c00f0f47b7ce4d47/deploy-manifest.json"[0m
2026-02-22T00:30:51.9129016Z [36;1mMANIFEST_DEPLOY_ID=$(jq -r '.meta.deployRecordId // ""' "$M")[0m
2026-02-22T00:30:51.9130497Z [36;1mINPUT_DEPLOY_ID="0e31f3c5da1b"[0m
2026-02-22T00:30:51.9131677Z [36;1mif [ -n "$INPUT_DEPLOY_ID" ]; then[0m
2026-02-22T00:30:51.9132859Z [36;1m  DEPLOY_ID="$INPUT_DEPLOY_ID"[0m
2026-02-22T00:30:51.9133938Z [36;1melse[0m
2026-02-22T00:30:51.9134847Z [36;1m  DEPLOY_ID="$MANIFEST_DEPLOY_ID"[0m
2026-02-22T00:30:51.9135956Z [36;1mfi[0m
2026-02-22T00:30:51.9137283Z [36;1mecho "deploy_record_id=$DEPLOY_ID" >> "$GITHUB_OUTPUT"[0m
2026-02-22T00:30:51.9139872Z [36;1mecho "run_url=https://github.com/Morning-Uplift-Marketing-Co/lp-factory-core/actions/runs/22267265839" >> "$GITHUB_OUTPUT"[0m
2026-02-22T00:30:51.9171900Z shell: /usr/bin/bash --noprofile --norc -e -o pipefail {0}
2026-02-22T00:30:51.9173217Z ##[endgroup]
2026-02-22T00:30:51.9412049Z ##[group]Run actions/setup-node@v4
2026-02-22T00:30:51.9413067Z with:
2026-02-22T00:30:51.9413777Z   node-version: 20
2026-02-22T00:30:51.9414576Z   always-auth: false
2026-02-22T00:30:51.9415394Z   check-latest: false
2026-02-22T00:30:51.9416603Z   token: ***
2026-02-22T00:30:51.9417368Z ##[endgroup]
2026-02-22T00:30:52.1211406Z Found in cache @ /opt/hostedtoolcache/node/20.20.0/x64
2026-02-22T00:30:52.1217284Z ##[group]Environment details
2026-02-22T00:30:52.5057292Z node: v20.20.0
2026-02-22T00:30:52.5058479Z npm: 10.8.2
2026-02-22T00:30:52.5058836Z yarn: 1.22.22
2026-02-22T00:30:52.5059760Z ##[endgroup]
2026-02-22T00:30:52.5224261Z ##[group]Run npm i -g wrangler netlify-cli vercel
2026-02-22T00:30:52.5224711Z [36;1mnpm i -g wrangler netlify-cli vercel[0m
2026-02-22T00:30:52.5267193Z shell: /usr/bin/bash -e {0}
2026-02-22T00:30:52.5267486Z ##[endgroup]
2026-02-22T00:31:09.8473189Z npm warn deprecated node-domexception@1.0.0: Use your platform's native DOMException instead
2026-02-22T00:31:16.2288467Z npm warn deprecated tar@7.5.7: Old versions of tar are not supported, and contain widely publicized security vulnerabilities, which have been fixed in the current version. Please update. Support for old versions may be purchased (at exorbitant rates) by contacting i@izs.me
2026-02-22T00:31:24.4970591Z 
2026-02-22T00:31:24.4971224Z added 1404 packages in 32s
2026-02-22T00:31:24.4971788Z 
2026-02-22T00:31:24.4972077Z 299 packages are looking for funding
2026-02-22T00:31:24.4972638Z   run `npm fund` for details
2026-02-22T00:31:24.5431488Z ##[group]Run echo "✅ Deploy pipeline completed for c00f0f47b7ce4d47"
2026-02-22T00:31:24.5432025Z [36;1mecho "✅ Deploy pipeline completed for c00f0f47b7ce4d47"[0m
2026-02-22T00:31:24.5468455Z shell: /usr/bin/bash --noprofile --norc -e -o pipefail {0}
2026-02-22T00:31:24.5468819Z ##[endgroup]
2026-02-22T00:31:24.5532877Z ✅ Deploy pipeline completed for c00f0f47b7ce4d47
2026-02-22T00:31:24.5568786Z ##[group]Run set -euo pipefail
2026-02-22T00:31:24.5569122Z [36;1mset -euo pipefail[0m
2026-02-22T00:31:24.5569346Z [36;1mDEPLOY_ID='0e31f3c5da1b'[0m
2026-02-22T00:31:24.5569823Z [36;1mRUN_URL='https://github.com/Morning-Uplift-Marketing-Co/lp-factory-core/actions/runs/22267265839'[0m
2026-02-22T00:31:24.5570287Z [36;1mPROD_URL=''[0m
2026-02-22T00:31:24.5570519Z [36;1mif [ -z "$PROD_URL" ]; then PROD_URL=''; fi[0m
2026-02-22T00:31:24.5570830Z [36;1mif [ -z "$PROD_URL" ]; then PROD_URL=''; fi[0m
2026-02-22T00:31:24.5571144Z [36;1mif [ -z "$PROD_URL" ]; then PROD_URL="$RUN_URL"; fi[0m
2026-02-22T00:31:24.5571440Z [36;1mSTATUS='success'[0m
2026-02-22T00:31:24.5571679Z [36;1mif [ "$STATUS" = "success" ]; then[0m
2026-02-22T00:31:24.5571939Z [36;1m  FINAL_STATUS='success'[0m
2026-02-22T00:31:24.5572163Z [36;1m  ERROR_MSG=''[0m
2026-02-22T00:31:24.5572407Z [36;1melif [ "$STATUS" = "cancelled" ]; then[0m
2026-02-22T00:31:24.5572937Z [36;1m  FINAL_STATUS='failed'[0m
2026-02-22T00:31:24.5573174Z [36;1m  ERROR_MSG='Workflow cancelled'[0m
2026-02-22T00:31:24.5573412Z [36;1melse[0m
2026-02-22T00:31:24.5573584Z [36;1m  FINAL_STATUS='failed'[0m
2026-02-22T00:31:24.5573813Z [36;1m  ERROR_MSG='Workflow failed'[0m
2026-02-22T00:31:24.5574041Z [36;1mfi[0m
2026-02-22T00:31:24.5574195Z [36;1m[0m
2026-02-22T00:31:24.5574787Z [36;1mBODY=$(jq -n --arg status "$FINAL_STATUS" --arg url "$PROD_URL" --arg err "$ERROR_MSG" --arg run "$RUN_URL" '{status:$status, url:$url, errorMessage:$err, config:{runUrl:$run}}')[0m
2026-02-22T00:31:24.5575424Z [36;1m[0m
2026-02-22T00:31:24.5575589Z [36;1mAUTH_HEADER=""[0m
2026-02-22T00:31:24.5575800Z [36;1mif [ -n "${API_SECRET:-}" ]; then[0m
2026-02-22T00:31:24.5576407Z [36;1m  AUTH_HEADER="Authorization: ***"[0m
2026-02-22T00:31:24.5576728Z [36;1mfi[0m
2026-02-22T00:31:24.5576887Z [36;1m[0m
2026-02-22T00:31:24.5577063Z [36;1mif [ -n "$AUTH_HEADER" ]; then[0m
2026-02-22T00:31:24.5577436Z [36;1m  curl -sS -X PATCH "${API_BASE}/api/ops/deployments/${DEPLOY_ID}" \[0m
2026-02-22T00:31:24.5577842Z [36;1m    -H "Content-Type: application/json" \[0m
2026-02-22T00:31:24.5578122Z [36;1m    -H "$AUTH_HEADER" \[0m
2026-02-22T00:31:24.5578342Z [36;1m    --data "$BODY"[0m
2026-02-22T00:31:24.5578549Z [36;1melse[0m
2026-02-22T00:31:24.5578814Z [36;1m  curl -sS -X PATCH "${API_BASE}/api/ops/deployments/${DEPLOY_ID}" \[0m
2026-02-22T00:31:24.5579188Z [36;1m    -H "Content-Type: application/json" \[0m
2026-02-22T00:31:24.5579448Z [36;1m    --data "$BODY"[0m
2026-02-22T00:31:24.5579649Z [36;1mfi[0m
2026-02-22T00:31:24.5609398Z shell: /usr/bin/bash --noprofile --norc -e -o pipefail {0}
2026-02-22T00:31:24.5609719Z env:
2026-02-22T00:31:24.5609978Z   API_BASE: https://lp-factory-api.songsawat-w.workers.dev
2026-02-22T00:31:24.5610285Z   API_SECRET: 
2026-02-22T00:31:24.5610457Z ##[endgroup]
2026-02-22T00:31:24.9834220Z {"success":true}
2026-02-22T00:31:24.9900368Z Post job cleanup.
2026-02-22T00:31:25.1668577Z Post job cleanup.
2026-02-22T00:31:25.2675716Z [command]/usr/bin/git version
2026-02-22T00:31:25.2712223Z git version 2.52.0
2026-02-22T00:31:25.2757034Z Temporarily overriding HOME='/home/runner/work/_temp/09e4bf15-eb9b-403c-8185-9ebc61e00804' before making global git config changes
2026-02-22T00:31:25.2758382Z Adding repository directory to the temporary git global config as a safe directory
2026-02-22T00:31:25.2762532Z [command]/usr/bin/git config --global --add safe.directory /home/runner/work/lp-factory-core/lp-factory-core
2026-02-22T00:31:25.2966666Z [command]/usr/bin/git config --local --name-only --get-regexp core\.sshCommand
2026-02-22T00:31:25.3005797Z [command]/usr/bin/git submodule foreach --recursive sh -c "git config --local --name-only --get-regexp 'core\.sshCommand' && git config --local --unset-all 'core.sshCommand' || :"
2026-02-22T00:31:25.3460009Z [command]/usr/bin/git config --local --name-only --get-regexp http\.https\:\/\/github\.com\/\.extraheader
2026-02-22T00:31:25.3490265Z http.https://github.com/.extraheader
2026-02-22T00:31:25.3505755Z [command]/usr/bin/git config --local --unset-all http.https://github.com/.extraheader
2026-02-22T00:31:25.3544987Z [command]/usr/bin/git submodule foreach --recursive sh -c "git config --local --name-only --get-regexp 'http\.https\:\/\/github\.com\/\.extraheader' && git config --local --unset-all 'http.https://github.com/.extraheader' || :"
2026-02-22T00:31:25.3789828Z [command]/usr/bin/git config --local --name-only --get-regexp ^includeIf\.gitdir:
2026-02-22T00:31:25.3820491Z [command]/usr/bin/git submodule foreach --recursive git config --local --show-origin --name-only --get-regexp remote.origin.url
2026-02-22T00:31:25.4179796Z Cleaning up orphan processes
