2026-02-22T00:30:39.6175470Z Current runner version: '2.331.0'
2026-02-22T00:30:39.6199784Z ##[group]Runner Image Provisioner
2026-02-22T00:30:39.6200605Z Hosted Compute Agent
2026-02-22T00:30:39.6201466Z Version: 20260123.484
2026-02-22T00:30:39.6202048Z Commit: 6bd6555ca37d84114959e1c76d2c01448ff61c5d
2026-02-22T00:30:39.6202738Z Build Date: 2026-01-23T19:41:17Z
2026-02-22T00:30:39.6203399Z Worker ID: {7b2153e7-cc18-47b5-b249-e16c1ac5b806}
2026-02-22T00:30:39.6204134Z Azure Region: westus
2026-02-22T00:30:39.6204633Z ##[endgroup]
2026-02-22T00:30:39.6206146Z ##[group]Operating System
2026-02-22T00:30:39.6206768Z Ubuntu
2026-02-22T00:30:39.6207194Z 24.04.3
2026-02-22T00:30:39.6207679Z LTS
2026-02-22T00:30:39.6208154Z ##[endgroup]
2026-02-22T00:30:39.6208646Z ##[group]Runner Image
2026-02-22T00:30:39.6209130Z Image: ubuntu-24.04
2026-02-22T00:30:39.6209696Z Version: 20260201.15.1
2026-02-22T00:30:39.6210824Z Included Software: https://github.com/actions/runner-images/blob/ubuntu24/20260201.15/images/ubuntu/Ubuntu2404-Readme.md
2026-02-22T00:30:39.6212537Z Image Release: https://github.com/actions/runner-images/releases/tag/ubuntu24%2F20260201.15
2026-02-22T00:30:39.6213421Z ##[endgroup]
2026-02-22T00:30:39.6214435Z ##[group]GITHUB_TOKEN Permissions
2026-02-22T00:30:39.6216238Z Contents: read
2026-02-22T00:30:39.6216743Z Metadata: read
2026-02-22T00:30:39.6217359Z ##[endgroup]
2026-02-22T00:30:39.6219328Z Secret source: Actions
2026-02-22T00:30:39.6220067Z Prepare workflow directory
2026-02-22T00:30:39.6541995Z Prepare all required actions
2026-02-22T00:30:39.6578931Z Getting action download info
2026-02-22T00:30:40.1227697Z Download action repository 'actions/checkout@v4' (SHA:34e114876b0b11c390a56381ad16ebd13914f8d5)
2026-02-22T00:30:40.2458796Z Download action repository 'actions/setup-node@v4' (SHA:49933ea5288caeca8642d1e84afbd3f7d6820020)
2026-02-22T00:30:40.4378435Z Complete job name: validate-manifest (c00f0f47b7ce4d47)
2026-02-22T00:30:40.5089820Z ##[group]Run actions/checkout@v4
2026-02-22T00:30:40.5090672Z with:
2026-02-22T00:30:40.5091599Z   repository: Morning-Uplift-Marketing-Co/lp-factory-core
2026-02-22T00:30:40.5092468Z   token: ***
2026-02-22T00:30:40.5092856Z   ssh-strict: true
2026-02-22T00:30:40.5093236Z   ssh-user: git
2026-02-22T00:30:40.5093634Z   persist-credentials: true
2026-02-22T00:30:40.5094069Z   clean: true
2026-02-22T00:30:40.5094465Z   sparse-checkout-cone-mode: true
2026-02-22T00:30:40.5094925Z   fetch-depth: 1
2026-02-22T00:30:40.5095304Z   fetch-tags: false
2026-02-22T00:30:40.5095694Z   show-progress: true
2026-02-22T00:30:40.5096091Z   lfs: false
2026-02-22T00:30:40.5096455Z   submodules: false
2026-02-22T00:30:40.5096845Z   set-safe-directory: true
2026-02-22T00:30:40.5097589Z ##[endgroup]
2026-02-22T00:30:40.6238706Z Syncing repository: Morning-Uplift-Marketing-Co/lp-factory-core
2026-02-22T00:30:40.6240668Z ##[group]Getting Git version info
2026-02-22T00:30:40.6241849Z Working directory is '/home/runner/work/lp-factory-core/lp-factory-core'
2026-02-22T00:30:40.6243109Z [command]/usr/bin/git version
2026-02-22T00:30:40.6354177Z git version 2.52.0
2026-02-22T00:30:40.6382307Z ##[endgroup]
2026-02-22T00:30:40.6399205Z Temporarily overriding HOME='/home/runner/work/_temp/e38ef94d-2b31-4664-b9fe-7c06aaecba07' before making global git config changes
2026-02-22T00:30:40.6401731Z Adding repository directory to the temporary git global config as a safe directory
2026-02-22T00:30:40.6414998Z [command]/usr/bin/git config --global --add safe.directory /home/runner/work/lp-factory-core/lp-factory-core
2026-02-22T00:30:40.6460746Z Deleting the contents of '/home/runner/work/lp-factory-core/lp-factory-core'
2026-02-22T00:30:40.6464995Z ##[group]Initializing the repository
2026-02-22T00:30:40.6470030Z [command]/usr/bin/git init /home/runner/work/lp-factory-core/lp-factory-core
2026-02-22T00:30:40.6622904Z hint: Using 'master' as the name for the initial branch. This default branch name
2026-02-22T00:30:40.6624323Z hint: will change to "main" in Git 3.0. To configure the initial branch name
2026-02-22T00:30:40.6625298Z hint: to use in all of your new repositories, which will suppress this warning,
2026-02-22T00:30:40.6626922Z hint: call:
2026-02-22T00:30:40.6627309Z hint:
2026-02-22T00:30:40.6628388Z hint: 	git config --global init.defaultBranch <name>
2026-02-22T00:30:40.6629436Z hint:
2026-02-22T00:30:40.6630477Z hint: Names commonly chosen instead of 'master' are 'main', 'trunk' and
2026-02-22T00:30:40.6632354Z hint: 'development'. The just-created branch can be renamed via this command:
2026-02-22T00:30:40.6633630Z hint:
2026-02-22T00:30:40.6634330Z hint: 	git branch -m <name>
2026-02-22T00:30:40.6635121Z hint:
2026-02-22T00:30:40.6636180Z hint: Disable this message with "git config set advice.defaultBranchName false"
2026-02-22T00:30:40.6638199Z Initialized empty Git repository in /home/runner/work/lp-factory-core/lp-factory-core/.git/
2026-02-22T00:30:40.6642172Z [command]/usr/bin/git remote add origin https://github.com/Morning-Uplift-Marketing-Co/lp-factory-core
2026-02-22T00:30:40.6685592Z ##[endgroup]
2026-02-22T00:30:40.6686862Z ##[group]Disabling automatic garbage collection
2026-02-22T00:30:40.6688564Z [command]/usr/bin/git config --local gc.auto 0
2026-02-22T00:30:40.6720708Z ##[endgroup]
2026-02-22T00:30:40.6722109Z ##[group]Setting up auth
2026-02-22T00:30:40.6728496Z [command]/usr/bin/git config --local --name-only --get-regexp core\.sshCommand
2026-02-22T00:30:40.6761826Z [command]/usr/bin/git submodule foreach --recursive sh -c "git config --local --name-only --get-regexp 'core\.sshCommand' && git config --local --unset-all 'core.sshCommand' || :"
2026-02-22T00:30:40.7211952Z [command]/usr/bin/git config --local --name-only --get-regexp http\.https\:\/\/github\.com\/\.extraheader
2026-02-22T00:30:40.7247164Z [command]/usr/bin/git submodule foreach --recursive sh -c "git config --local --name-only --get-regexp 'http\.https\:\/\/github\.com\/\.extraheader' && git config --local --unset-all 'http.https://github.com/.extraheader' || :"
2026-02-22T00:30:40.7476097Z [command]/usr/bin/git config --local --name-only --get-regexp ^includeIf\.gitdir:
2026-02-22T00:30:40.7508835Z [command]/usr/bin/git submodule foreach --recursive git config --local --show-origin --name-only --get-regexp remote.origin.url
2026-02-22T00:30:40.7747226Z [command]/usr/bin/git config --local http.https://github.com/.extraheader AUTHORIZATION: basic ***
2026-02-22T00:30:40.7783087Z ##[endgroup]
2026-02-22T00:30:40.7784347Z ##[group]Fetching the repository
2026-02-22T00:30:40.7792952Z [command]/usr/bin/git -c protocol.version=2 fetch --no-tags --prune --no-recurse-submodules --depth=1 origin +a2a3927eb94290c2ba1010b1b0251fd2e3eac23f:refs/remotes/origin/deploy/auto
2026-02-22T00:30:41.9269035Z From https://github.com/Morning-Uplift-Marketing-Co/lp-factory-core
2026-02-22T00:30:41.9270244Z  * [new ref]         a2a3927eb94290c2ba1010b1b0251fd2e3eac23f -> origin/deploy/auto
2026-02-22T00:30:41.9307392Z ##[endgroup]
2026-02-22T00:30:41.9308746Z ##[group]Determining the checkout info
2026-02-22T00:30:41.9310263Z ##[endgroup]
2026-02-22T00:30:41.9316290Z [command]/usr/bin/git sparse-checkout disable
2026-02-22T00:30:41.9366261Z [command]/usr/bin/git config --local --unset-all extensions.worktreeConfig
2026-02-22T00:30:41.9397711Z ##[group]Checking out the ref
2026-02-22T00:30:41.9403512Z [command]/usr/bin/git checkout --progress --force -B deploy/auto refs/remotes/origin/deploy/auto
2026-02-22T00:30:42.0135710Z Switched to a new branch 'deploy/auto'
2026-02-22T00:30:42.0138829Z branch 'deploy/auto' set up to track 'origin/deploy/auto'.
2026-02-22T00:30:42.0145179Z ##[endgroup]
2026-02-22T00:30:42.0183760Z [command]/usr/bin/git log -1 --format=%H
2026-02-22T00:30:42.0207661Z a2a3927eb94290c2ba1010b1b0251fd2e3eac23f
2026-02-22T00:30:42.0527330Z ##[group]Run actions/setup-node@v4
2026-02-22T00:30:42.0528474Z with:
2026-02-22T00:30:42.0529255Z   node-version: 20
2026-02-22T00:30:42.0530149Z   always-auth: false
2026-02-22T00:30:42.0531200Z   check-latest: false
2026-02-22T00:30:42.0532390Z   token: ***
2026-02-22T00:30:42.0533207Z ##[endgroup]
2026-02-22T00:30:42.2347875Z Found in cache @ /opt/hostedtoolcache/node/20.20.0/x64
2026-02-22T00:30:42.2354020Z ##[group]Environment details
2026-02-22T00:30:42.6136077Z node: v20.20.0
2026-02-22T00:30:42.6136637Z npm: 10.8.2
2026-02-22T00:30:42.6137034Z yarn: 1.22.22
2026-02-22T00:30:42.6138034Z ##[endgroup]
2026-02-22T00:30:42.6250802Z ##[group]Run npm i -g ajv-cli
2026-02-22T00:30:42.6251506Z [36;1mnpm i -g ajv-cli[0m
2026-02-22T00:30:42.6297582Z shell: /usr/bin/bash -e {0}
2026-02-22T00:30:42.6297921Z ##[endgroup]
2026-02-22T00:30:44.0866534Z npm warn deprecated inflight@1.0.6: This module is not supported, and leaks memory. Do not use it. Check out lru-cache if you want a good and tested way to coalesce async requests by a key value, which is much more comprehensive and powerful.
2026-02-22T00:30:44.1195335Z npm warn deprecated glob@7.2.3: Old versions of glob are not supported, and contain widely publicized security vulnerabilities, which have been fixed in the current version. Please update. Support for old versions may be purchased (at exorbitant rates) by contacting i@izs.me
2026-02-22T00:30:44.2615488Z 
2026-02-22T00:30:44.2616070Z added 26 packages in 2s
2026-02-22T00:30:44.2616431Z 
2026-02-22T00:30:44.2616698Z 4 packages are looking for funding
2026-02-22T00:30:44.2617290Z   run `npm fund` for details
2026-02-22T00:30:44.2784431Z ##[group]Run set -euo pipefail
2026-02-22T00:30:44.2784746Z [36;1mset -euo pipefail[0m
2026-02-22T00:30:44.2784964Z [36;1majv validate \[0m
2026-02-22T00:30:44.2785246Z [36;1m  -s schemas/deploy-manifest.schema.json \[0m
2026-02-22T00:30:44.2785607Z [36;1m  -d "sites/c00f0f47b7ce4d47/deploy-manifest.json"[0m
2026-02-22T00:30:44.2821217Z shell: /usr/bin/bash --noprofile --norc -e -o pipefail {0}
2026-02-22T00:30:44.2821580Z ##[endgroup]
2026-02-22T00:30:44.5532936Z sites/c00f0f47b7ce4d47/deploy-manifest.json valid
2026-02-22T00:30:44.5687704Z ##[group]Run set -euo pipefail
2026-02-22T00:30:44.5688212Z [36;1mset -euo pipefail[0m
2026-02-22T00:30:44.5688602Z [36;1mDIR="sites/c00f0f47b7ce4d47"[0m
2026-02-22T00:30:44.5689017Z [36;1mtest -f "$DIR/index.html"[0m
2026-02-22T00:30:44.5689272Z [36;1mtest -f "$DIR/apply.html"[0m
2026-02-22T00:30:44.5722328Z shell: /usr/bin/bash --noprofile --norc -e -o pipefail {0}
2026-02-22T00:30:44.5722665Z ##[endgroup]
2026-02-22T00:30:44.5917768Z Post job cleanup.
2026-02-22T00:30:44.7711272Z Post job cleanup.
2026-02-22T00:30:44.8689429Z [command]/usr/bin/git version
2026-02-22T00:30:44.8729443Z git version 2.52.0
2026-02-22T00:30:44.8774426Z Temporarily overriding HOME='/home/runner/work/_temp/4d1d4da6-54bb-4a41-94ae-ab3024621ddb' before making global git config changes
2026-02-22T00:30:44.8775902Z Adding repository directory to the temporary git global config as a safe directory
2026-02-22T00:30:44.8780360Z [command]/usr/bin/git config --global --add safe.directory /home/runner/work/lp-factory-core/lp-factory-core
2026-02-22T00:30:44.8823435Z [command]/usr/bin/git config --local --name-only --get-regexp core\.sshCommand
2026-02-22T00:30:44.8857722Z [command]/usr/bin/git submodule foreach --recursive sh -c "git config --local --name-only --get-regexp 'core\.sshCommand' && git config --local --unset-all 'core.sshCommand' || :"
2026-02-22T00:30:44.9102769Z [command]/usr/bin/git config --local --name-only --get-regexp http\.https\:\/\/github\.com\/\.extraheader
2026-02-22T00:30:44.9128686Z http.https://github.com/.extraheader
2026-02-22T00:30:44.9142700Z [command]/usr/bin/git config --local --unset-all http.https://github.com/.extraheader
2026-02-22T00:30:44.9176876Z [command]/usr/bin/git submodule foreach --recursive sh -c "git config --local --name-only --get-regexp 'http\.https\:\/\/github\.com\/\.extraheader' && git config --local --unset-all 'http.https://github.com/.extraheader' || :"
2026-02-22T00:30:44.9408345Z [command]/usr/bin/git config --local --name-only --get-regexp ^includeIf\.gitdir:
2026-02-22T00:30:44.9440790Z [command]/usr/bin/git submodule foreach --recursive git config --local --show-origin --name-only --get-regexp remote.origin.url
2026-02-22T00:30:44.9826641Z Cleaning up orphan processes
